This is pdfTeX, Version 3.141592653-2.6-1.40.28 (MiKTeX 25.12) (preloaded format=pdflatex 2026.3.13)  2 OCT 2026 12:04
entering extended mode
 restricted \write18 enabled.
 %&-line parsing enabled.
**./cas-dc-article.tex
(cas-dc-article.tex
LaTeX2e <2025-11-01>
L3 programming layer <2025-12-24>
(cas-dc.cls
Document Class: cas-dc 2024/05/04, 2.4: Formatting class for CAS double column 
articles
\c@blind=\count275
\@bls=\dimen148
(C:\Users\rapha\AppData\Local\Programs\MiKTeX\tex/latex/base\article.cls
Document Class: article 2025/01/22 v1.4n Standard LaTeX document class
(C:\Users\rapha\AppData\Local\Programs\MiKTeX\tex/latex/base\fleqn.clo
File: fleqn.clo 2016/12/29 v1.2b Standard LaTeX option (flush left equations)
\mathindent=\skip49
Applying: [2015/01/01] Make \[ robust on input line 50.
LaTeX Info: Redefining \[ on input line 51.
Already applied: [0000/00/00] Make \[ robust on input line 62.
Applying: [2015/01/01] Make \] robust on input line 74.
LaTeX Info: Redefining \] on input line 75.
Already applied: [0000/00/00] Make \] robust on input line 83.
)
(C:\Users\rapha\AppData\Local\Programs\MiKTeX\tex/latex/base\size10.clo
File: size10.clo 2025/01/22 v1.4n Standard LaTeX file (size option)
)
\c@part=\count276
\c@section=\count277
\c@subsection=\count278
\c@subsubsection=\count279
\c@paragraph=\count280
\c@subparagraph=\count281
\c@figure=\count282
\c@table=\count283
\abovecaptionskip=\skip50
\belowcaptionskip=\skip51
\bibindent=\dimen149
)
(C:\Users\rapha\AppData\Local\Programs\MiKTeX\tex/latex/graphics\graphicx.sty
Package: graphicx 2024/12/31 v1.2e Enhanced LaTeX Graphics (DPC,SPQR)

(C:\Users\rapha\AppData\Local\Programs\MiKTeX\tex/latex/graphics\keyval.sty
Package: keyval 2022/05/29 v1.15 key=value parser (DPC)
\KV@toks@=\toks17
)
(C:\Users\rapha\AppData\Local\Programs\MiKTeX\tex/latex/graphics\graphics.sty
Package: graphics 2024/08/06 v1.4g Standard LaTeX Graphics (DPC,SPQR)

(C:\Users\rapha\AppData\Local\Programs\MiKTeX\tex/latex/graphics\trig.sty
Package: trig 2023/12/02 v1.11 sin cos tan (DPC)
)
(C:\Users\rapha\AppData\Local\Programs\MiKTeX\tex/latex/graphics-cfg\graphics.c
fg
File: graphics.cfg 2016/06/04 v1.11 sample graphics configuration
)
Package graphics Info: Driver file: pdftex.def on input line 106.

(C:\Users\rapha\AppData\Local\Programs\MiKTeX\tex/latex/graphics-def\pdftex.def
File: pdftex.def 2025/09/29 v1.2d Graphics/color driver for pdftex
))
\Gin@req@height=\dimen150
\Gin@req@width=\dimen151
) (C:\Users\rapha\AppData\Local\Programs\MiKTeX\tex/latex/amsmath\amsmath.sty
Package: amsmath 2025/07/09 v2.17z AMS math features
\@mathmargin=\skip52
For additional information on amsmath, use the `?' option.
(C:\Users\rapha\AppData\Local\Programs\MiKTeX\tex/latex/amsmath\amstext.sty
Package: amstext 2024/11/17 v2.01 AMS text

(C:\Users\rapha\AppData\Local\Programs\MiKTeX\tex/latex/amsmath\amsgen.sty
File: amsgen.sty 1999/11/30 v2.0 generic functions
\@emptytoks=\toks18
\ex@=\dimen152
))
(C:\Users\rapha\AppData\Local\Programs\MiKTeX\tex/latex/amsmath\amsbsy.sty
Package: amsbsy 1999/11/29 v1.2d Bold Symbols
\pmbraise@=\dimen153
)
(C:\Users\rapha\AppData\Local\Programs\MiKTeX\tex/latex/amsmath\amsopn.sty
Package: amsopn 2022/04/08 v2.04 operator names
)
\inf@bad=\count284
LaTeX Info: Redefining \frac on input line 233.
\uproot@=\count285
\leftroot@=\count286
LaTeX Info: Redefining \overline on input line 398.
LaTeX Info: Redefining \colon on input line 409.
\classnum@=\count287
\DOTSCASE@=\count288
LaTeX Info: Redefining \ldots on input line 495.
LaTeX Info: Redefining \dots on input line 498.
LaTeX Info: Redefining \cdots on input line 619.
\Mathstrutbox@=\box53
\strutbox@=\box54
LaTeX Info: Redefining \big on input line 721.
LaTeX Info: Redefining \Big on input line 722.
LaTeX Info: Redefining \bigg on input line 723.
LaTeX Info: Redefining \Bigg on input line 724.
\big@size=\dimen154
LaTeX Font Info:    Redeclaring font encoding OML on input line 742.
LaTeX Font Info:    Redeclaring font encoding OMS on input line 743.
\macc@depth=\count289
LaTeX Info: Redefining \bmod on input line 904.
LaTeX Info: Redefining \pmod on input line 909.
LaTeX Info: Redefining \smash on input line 939.
LaTeX Info: Redefining \relbar on input line 969.
LaTeX Info: Redefining \Relbar on input line 970.
\c@MaxMatrixCols=\count290
\dotsspace@=\muskip17
\c@parentequation=\count291
\dspbrk@lvl=\count292
\tag@help=\toks19
\row@=\count293
\column@=\count294
\maxfields@=\count295
\andhelp@=\toks20
\eqnshift@=\dimen155
\alignsep@=\dimen156
\tagshift@=\dimen157
\tagwidth@=\dimen158
\totwidth@=\dimen159
\lineht@=\dimen160
\@envbody=\toks21
\multlinegap=\skip53
\multlinetaggap=\skip54
\mathdisplay@stack=\toks22
LaTeX Info: Redefining \[ on input line 2950.
LaTeX Info: Redefining \] on input line 2951.
)
(C:\Users\rapha\AppData\Local\Programs\MiKTeX\tex/latex/amsfonts\amsfonts.sty
Package: amsfonts 2013/01/14 v3.01 Basic AMSFonts support
\symAMSa=\mathgroup4
\symAMSb=\mathgroup5
LaTeX Font Info:    Redeclaring math symbol \hbar on input line 98.
LaTeX Font Info:    Overwriting math alphabet `\mathfrak' in version `bold'
(Font)                  U/euf/m/n --> U/euf/b/n on input line 106.
)
(C:\Users\rapha\AppData\Local\Programs\MiKTeX\tex/latex/amsfonts\amssymb.sty
Package: amssymb 2013/01/14 v3.01 AMS font symbols
)
(C:\Users\rapha\AppData\Local\Programs\MiKTeX\tex/latex/l3kernel\expl3.sty
Package: expl3 2025-12-24 L3 programming layer (loader) 

(C:\Users\rapha\AppData\Local\Programs\MiKTeX\tex/latex/l3backend\l3backend-pdf
tex.def
File: l3backend-pdftex.def 2025-10-09 L3 backend support: PDF output (pdfTeX)
\l__color_backend_stack_int=\count296
))
(C:\Users\rapha\AppData\Local\Programs\MiKTeX\tex/latex/l3packages/xparse\xpars
e.sty
Package: xparse 2025-10-09 L3 Experimental document command parser
)
(C:\Users\rapha\AppData\Local\Programs\MiKTeX\tex/latex/etoolbox\etoolbox.sty
Package: etoolbox 2025/10/02 v2.5m e-TeX tools for LaTeX (JAW)
\etb@tempcnta=\count297
)
(C:\Users\rapha\AppData\Local\Programs\MiKTeX\tex/latex/preprint\balance.sty
Package: balance 1999/02/23 4.3 (PWD)
\oldvsize=\dimen161
)
(C:\Users\rapha\AppData\Local\Programs\MiKTeX\tex/latex/booktabs\booktabs.sty
Package: booktabs 2020/01/12 v1.61803398 Publication quality tables
\heavyrulewidth=\dimen162
\lightrulewidth=\dimen163
\cmidrulewidth=\dimen164
\belowrulesep=\dimen165
\belowbottomsep=\dimen166
\aboverulesep=\dimen167
\abovetopsep=\dimen168
\cmidrulesep=\dimen169
\cmidrulekern=\dimen170
\defaultaddspace=\dimen171
\@cmidla=\count298
\@cmidlb=\count299
\@aboverulesep=\dimen172
\@belowrulesep=\dimen173
\@thisruleclass=\count300
\@lastruleclass=\count301
\@thisrulewidth=\dimen174
)
(C:\Users\rapha\AppData\Local\Programs\MiKTeX\tex/latex/makecell\makecell.sty
Package: makecell 2009/08/03 V0.1e Managing of Tab Column Heads and Cells

(C:\Users\rapha\AppData\Local\Programs\MiKTeX\tex/latex/tools\array.sty
Package: array 2025/09/25 v2.6n Tabular extension package (FMi)
\col@sep=\dimen175
\ar@mcellbox=\box55
\extrarowheight=\dimen176
\NC@list=\toks23
\extratabsurround=\skip55
\backup@length=\skip56
\ar@cellbox=\box56
)
\rotheadsize=\dimen177
\c@nlinenum=\count302
\TeXr@lab=\toks24
)
(C:\Users\rapha\AppData\Local\Programs\MiKTeX\tex/latex/multirow\multirow.sty
Package: multirow 2024/11/12 v2.9 Span multiple rows of a table
\multirow@colwidth=\skip57
\multirow@cntb=\count303
\multirow@dima=\skip58
\bigstrutjot=\dimen178
)
(C:\Users\rapha\AppData\Local\Programs\MiKTeX\tex/latex/colortbl\colortbl.sty
Package: colortbl 2024/10/29 v1.0k Color table columns (DPC)

(C:\Users\rapha\AppData\Local\Programs\MiKTeX\tex/latex/graphics\color.sty
Package: color 2025/01/14 v1.3e Standard LaTeX Color (DPC)

(C:\Users\rapha\AppData\Local\Programs\MiKTeX\tex/latex/graphics-cfg\color.cfg
File: color.cfg 2016/01/02 v1.6 sample color configuration
)
Package color Info: Driver file: pdftex.def on input line 149.
(C:\Users\rapha\AppData\Local\Programs\MiKTeX\tex/latex/graphics\mathcolor.ltx)
)
\everycr=\toks25
\minrowclearance=\skip59
\rownum=\count304
) (C:\Users\rapha\AppData\Local\Programs\MiKTeX\tex/latex/tools\dcolumn.sty
Package: dcolumn 2025/10/21 v1.06 decimal alignment package (DPC)
)
(C:\Users\rapha\AppData\Local\Programs\MiKTeX\tex/latex/sttools\stfloats.sty
Package: stfloats 2025/06/18 v3.4 Improve float mechanism and baselineskip sett
ings
\@dblbotnum=\count305
\c@dblbotnumber=\count306
)
(C:\Users\rapha\AppData\Local\Programs\MiKTeX\tex/latex/tools\xspace.sty
Package: xspace 2014/10/28 v1.13 Space after command names (DPC,MH)
)
(C:\Users\rapha\AppData\Local\Programs\MiKTeX\tex/latex/xstring\xstring.sty
(C:\Users\rapha\AppData\Local\Programs\MiKTeX\tex/generic/xstring\xstring.tex
\xs_counta=\count307
\xs_countb=\count308
)
Package: xstring 2023/08/22 v1.86 String manipulations (CT)
) (C:\Users\rapha\AppData\Local\Programs\MiKTeX\tex/latex/footmisc\footmisc.sty
Package: footmisc 2025/05/09 v7.0b a miscellany of footnote facilities
\FN@temptoken=\toks26
\footnotemargin=\dimen179
Package footmisc Info: Declaring symbol style bringhurst on input line 549.
Package footmisc Info: Declaring symbol style chicago on input line 557.
Package footmisc Info: Declaring symbol style wiley on input line 566.
Package footmisc Info: Declaring symbol style lamport-robust on input line 577.

Package footmisc Info: Declaring symbol style lamport* on input line 597.
Package footmisc Info: Declaring symbol style lamport*-robust on input line 618
.
) (C:\Users\rapha\AppData\Local\Programs\MiKTeX\tex/latex/xcolor\xcolor.sty
Package: xcolor 2024/09/29 v3.02 LaTeX color extensions (UK)

(C:\Users\rapha\AppData\Local\Programs\MiKTeX\tex/latex/graphics-cfg\color.cfg
File: color.cfg 2016/01/02 v1.6 sample color configuration
)
Package xcolor Info: Driver file: pdftex.def on input line 274.
LaTeX Info: Redefining \color on input line 762.
(C:\Users\rapha\AppData\Local\Programs\MiKTeX\tex/latex/graphics\mathcolor.ltx)
Package xcolor Info: Model `cmy' substituted by `cmy0' on input line 1349.
Package xcolor Info: Model `hsb' substituted by `rgb' on input line 1353.
Package xcolor Info: Model `RGB' extended on input line 1365.
Package xcolor Info: Model `HTML' substituted by `rgb' on input line 1367.
Package xcolor Info: Model `Hsb' substituted by `hsb' on input line 1368.
Package xcolor Info: Model `tHsb' substituted by `hsb' on input line 1369.
Package xcolor Info: Model `HSB' substituted by `hsb' on input line 1370.
Package xcolor Info: Model `Gray' substituted by `gray' on input line 1371.
Package xcolor Info: Model `wave' substituted by `hsb' on input line 1372.
) (C:\Users\rapha\AppData\Local\Programs\MiKTeX\tex/latex/xcolor\svgnam.def
File: svgnam.def 2024/09/29 v3.02 Predefined colors according to SVG 1.1 (UK)
)
(C:\Users\rapha\AppData\Local\Programs\MiKTeX\tex/latex/graphics\dvipsnam.def
File: dvipsnam.def 2016/06/17 v3.0m Driver-dependent file (DPC,SPQR)
)
(C:\Users\rapha\AppData\Local\Programs\MiKTeX\tex/latex/hyperref\hyperref.sty
Package: hyperref 2025-07-12 v7.01o Hypertext links for LaTeX

(C:\Users\rapha\AppData\Local\Programs\MiKTeX\tex/generic/iftex\iftex.sty
Package: iftex 2024/12/12 v1.0g TeX engine tests
)
(C:\Users\rapha\AppData\Local\Programs\MiKTeX\tex/latex/kvsetkeys\kvsetkeys.sty
Package: kvsetkeys 2022-10-05 v1.19 Key value parser (HO)
)
(C:\Users\rapha\AppData\Local\Programs\MiKTeX\tex/generic/kvdefinekeys\kvdefine
keys.sty
Package: kvdefinekeys 2019-12-19 v1.6 Define keys (HO)
)
(C:\Users\rapha\AppData\Local\Programs\MiKTeX\tex/generic/pdfescape\pdfescape.s
ty
Package: pdfescape 2019/12/09 v1.15 Implements pdfTeX's escape features (HO)

(C:\Users\rapha\AppData\Local\Programs\MiKTeX\tex/generic/ltxcmds\ltxcmds.sty
Package: ltxcmds 2023-12-04 v1.26 LaTeX kernel commands for general use (HO)
)
(C:\Users\rapha\AppData\Local\Programs\MiKTeX\tex/generic/pdftexcmds\pdftexcmds
.sty
Package: pdftexcmds 2020-06-27 v0.33 Utility functions of pdfTeX for LuaTeX (HO
)

(C:\Users\rapha\AppData\Local\Programs\MiKTeX\tex/generic/infwarerr\infwarerr.s
ty
Package: infwarerr 2019/12/03 v1.5 Providing info/warning/error messages (HO)
)
Package pdftexcmds Info: \pdf@primitive is available.
Package pdftexcmds Info: \pdf@ifprimitive is available.
Package pdftexcmds Info: \pdfdraftmode found.
))
(C:\Users\rapha\AppData\Local\Programs\MiKTeX\tex/latex/hycolor\hycolor.sty
Package: hycolor 2020-01-27 v1.10 Color options for hyperref/bookmark (HO)
)
(C:\Users\rapha\AppData\Local\Programs\MiKTeX\tex/latex/hyperref\nameref.sty
Package: nameref 2025-06-21 v2.57 Cross-referencing by name of section

(C:\Users\rapha\AppData\Local\Programs\MiKTeX\tex/latex/refcount\refcount.sty
Package: refcount 2019/12/15 v3.6 Data extraction from label references (HO)
)
(C:\Users\rapha\AppData\Local\Programs\MiKTeX\tex/generic/gettitlestring\gettit
lestring.sty
Package: gettitlestring 2019/12/15 v1.6 Cleanup title references (HO)

(C:\Users\rapha\AppData\Local\Programs\MiKTeX\tex/latex/kvoptions\kvoptions.sty
Package: kvoptions 2022-06-15 v3.15 Key value format for package options (HO)
))
\c@section@level=\count309
)
(C:\Users\rapha\AppData\Local\Programs\MiKTeX\tex/generic/stringenc\stringenc.s
ty
Package: stringenc 2019/11/29 v1.12 Convert strings between diff. encodings (HO
)
)
\@linkdim=\dimen180
\Hy@linkcounter=\count310
\Hy@pagecounter=\count311
 (C:\Users\rapha\AppData\Local\Programs\MiKTeX\tex/latex/hyperref\pd1enc.def
File: pd1enc.def 2025-07-12 v7.01o Hyperref: PDFDocEncoding definition (HO)
Now handling font encoding PD1 ...
... no UTF-8 mapping file for font encoding PD1
) (C:\Users\rapha\AppData\Local\Programs\MiKTeX\tex/generic/intcalc\intcalc.sty
Package: intcalc 2019/12/15 v1.3 Expandable calculations with integers (HO)
)
\Hy@SavedSpaceFactor=\count312
 (C:\Users\rapha\AppData\Local\Programs\MiKTeX\tex/latex/hyperref\puenc.def
File: puenc.def 2025-07-12 v7.01o Hyperref: PDF Unicode definition (HO)
Now handling font encoding PU ...
... no UTF-8 mapping file for font encoding PU
)
Package hyperref Info: Option `colorlinks' set `true' on input line 4066.
Package hyperref Info: Hyper figures OFF on input line 4195.
Package hyperref Info: Link nesting OFF on input line 4200.
Package hyperref Info: Hyper index ON on input line 4203.
Package hyperref Info: Plain pages OFF on input line 4210.
Package hyperref Info: Backreferencing OFF on input line 4215.
Package hyperref Info: Implicit mode ON; LaTeX internals redefined.
Package hyperref Info: Bookmarks ON on input line 4462.
\c@Hy@tempcnt=\count313

(C:\Users\rapha\AppData\Local\Programs\MiKTeX\tex/latex/url\url.sty
\Urlmuskip=\muskip18
Package: url 2013/09/16  ver 3.4  Verb mode for urls, etc.
)
LaTeX Info: Redefining \url on input line 4801.
\XeTeXLinkMargin=\dimen181

(C:\Users\rapha\AppData\Local\Programs\MiKTeX\tex/generic/bitset\bitset.sty
Package: bitset 2019/12/09 v1.3 Handle bit-vector datatype (HO)

(C:\Users\rapha\AppData\Local\Programs\MiKTeX\tex/generic/bigintcalc\bigintcalc
.sty
Package: bigintcalc 2019/12/15 v1.5 Expandable calculations on big integers (HO
)
))
\Fld@menulength=\count314
\Field@Width=\dimen182
\Fld@charsize=\dimen183
Package hyperref Info: Hyper figures OFF on input line 6078.
Package hyperref Info: Link nesting OFF on input line 6083.
Package hyperref Info: Hyper index ON on input line 6086.
Package hyperref Info: backreferencing OFF on input line 6093.
Package hyperref Info: Link coloring ON on input line 6096.
Package hyperref Info: Link coloring with OCG OFF on input line 6103.
Package hyperref Info: PDF/A mode OFF on input line 6108.
\Hy@abspage=\count315
\c@Item=\count316
\c@Hfootnote=\count317
)
Package hyperref Info: Driver (autodetected): hpdftex.

(C:\Users\rapha\AppData\Local\Programs\MiKTeX\tex/latex/hyperref\hpdftex.def
File: hpdftex.def 2025-07-12 v7.01o Hyperref driver for pdfTeX
\Fld@listcount=\count318
\c@bookmark@seq@number=\count319

(C:\Users\rapha\AppData\Local\Programs\MiKTeX\tex/latex/rerunfilecheck\rerunfil
echeck.sty
Package: rerunfilecheck 2025-06-21 v1.11 Rerun checks for auxiliary files (HO)

(C:\Users\rapha\AppData\Local\Programs\MiKTeX\tex/generic/uniquecounter\uniquec
ounter.sty
Package: uniquecounter 2019/12/15 v1.4 Provide unlimited unique counter (HO)
)
Package uniquecounter Info: New unique counter `rerunfilecheck' on input line 2
84.
)
\Hy@SectionHShift=\skip60
) (cas-common.sty
\l_stm_title_before_dim=\dimen184
\l_stm_title_after_dim=\dimen185
\g_ead_int=\count320
\g_uad_int=\count321
\@eadauthor=\toks27
\g_stm_tnote_int=\count322
\g_stm_fnote_int=\count323
\g_stm_cor_int=\count324
\g_stm_au_int=\count325
\g_stm_aau_int=\count326
\l_autype_int=\count327
\l_stm_augroup_before_dim=\dimen186
\l_stm_augroup_after_dim=\dimen187
\l_stm_augroup_lskip_tl=\dimen188
\l_stm_augroup_rskip_tl=\dimen189
\g_stm_aff_int=\count328
\g_stm_aff_ext_int=\count329
\g_stm_aff_int_int=\count330
\g_stm_fn_aff_ext_int=\count331
\g_stm_fn_aff_int_int=\count332
\l_stm_aff_before_dim=\dimen190
\l_stm_aff_after_dim=\dimen191
\l_stm_aff_lskip_dim=\dimen192
\l_stm_aff_rskip_dim=\dimen193
\g_stm_augr_int=\count333
\g_stm_aaugr_int=\count334

(C:\Users\rapha\AppData\Local\Programs\MiKTeX\tex/latex/moreverb\moreverb.sty
Package: moreverb 2008/06/03 v2.3a `more' verbatim facilities

(C:\Users\rapha\AppData\Local\Programs\MiKTeX\tex/latex/tools\verbatim.sty
Package: verbatim 2024-01-22 v1.5x LaTeX2e package for verbatim enhancements
\every@verbatim=\toks28
\verbatim@line=\toks29
\verbatim@in@stream=\read2
)
\tab@position=\count335
\tab@size=\count336
\listing@line=\count337
)
\g_stm_abs_box=\box57
\casgrabsbox=\box58
\casauhlbox=\box59
\g_stm_key_box=\box60
\g_stm_jtype_int=\count338
\g_stm_blind_int=\count339
\c@au=\count340
\c@cnote=\count341
\c@tnote=\count342
\c@fnote=\count343
\c@aff=\count344
\g_stm_notes_box=\box61
\g_stm_front_box=\box62
\paraindent=\dimen194
\subparaindent=\dimen195
\FullWidth=\dimen196
\l_tbl_width_dim=\dimen197
\l_tbl_abovecap_skip=\skip61
\l_tbl_belowcap_skip=\skip62
\l_tbl_abovetbl_skip=\skip63
\l_tbl_belowtbl_skip=\skip64
\l_fig_width_dim=\dimen198
\cascaptionbox=\box63
\l_fig_abovecap_skip=\skip65
\l_fig_belowcap_skip=\skip66
\l_fig_abovefig_skip=\skip67
\l_fig_belowfig_skip=\skip68

(C:\Users\rapha\AppData\Local\Programs\MiKTeX\tex/latex/wrapfig\wrapfig.sty
\wrapoverhang=\dimen199
\WF@size=\dimen256
\c@WF@wrappedlines=\count345
\WF@box=\box64
\WF@everypar=\toks30
Package: wrapfig 2003/01/31  v 3.6
)
\l_wrap_figwidth_dim=\dimen257
\l_wrap_fighspace_dim=\dimen258
\l_wrap_figvspace_dim=\dimen259
\l_wrap_fighcorr_dim=\dimen260
\l_wrap_figvcorr_dim=\dimen261
\l_above_bio_dim=\dimen262
\l_wrap_figlcorr_int=\count346
\l_wrap_figlines_int=\count347
\l_bio_text_box=\box65
\c@ca_biography_ctr=\count348
\l_ca_temp_inta=\count349
\leftMargin=\dimen263
\@enLab=\toks31
\@sep=\skip69
\@@sep=\skip70
)
(C:\Users\rapha\AppData\Local\Programs\MiKTeX\tex/latex/base\fontenc.sty
Package: fontenc 2025/07/18 v2.1d Standard LaTeX package
)
(C:\Users\rapha\AppData\Local\Programs\MiKTeX\tex/latex/stix\stix.sty
Package: stix 2018/04/17 v1.1.3-latex STIX fonts support package

(C:\Users\rapha\AppData\Local\Programs\MiKTeX\tex/latex/base\textcomp.sty
Package: textcomp 2024/04/24 v2.1b Standard LaTeX package
LaTeX Font Info:    Changing ? sub-encoding to TS1/0 on input line 75.
)
LaTeX Encoding Info:    Text command \textpertenthousand (encoding T1) is not d
eclared on input line 51.
LaTeX Encoding Info:    Redeclaring text command \textpertenthousand (encoding 
?) on input line 52.
Now handling font encoding LS1 ...
... no UTF-8 mapping file for font encoding LS1
Now handling font encoding LS2 ...
... no UTF-8 mapping file for font encoding LS2
LaTeX Font Info:    Redeclaring symbol font `letters' on input line 76.
LaTeX Font Info:    Encoding `OML' has changed to `LS1' for symbol font
(Font)              `letters' in the math version `normal' on input line 76.
LaTeX Font Info:    Overwriting symbol font `letters' in version `normal'
(Font)                  OML/cmm/m/it --> LS1/stix/m/it on input line 76.
LaTeX Font Info:    Encoding `OML' has changed to `LS1' for symbol font
(Font)              `letters' in the math version `bold' on input line 76.
LaTeX Font Info:    Overwriting symbol font `letters' in version `bold'
(Font)                  OML/cmm/b/it --> LS1/stix/m/it on input line 76.
LaTeX Font Info:    Redeclaring symbol font `operators' on input line 77.
LaTeX Font Info:    Encoding `OT1' has changed to `LS1' for symbol font
(Font)              `operators' in the math version `normal' on input line 77.
LaTeX Font Info:    Overwriting symbol font `operators' in version `normal'
(Font)                  OT1/cmr/m/n --> LS1/stix/m/n on input line 77.
LaTeX Font Info:    Encoding `OT1' has changed to `LS1' for symbol font
(Font)              `operators' in the math version `bold' on input line 77.
LaTeX Font Info:    Overwriting symbol font `operators' in version `bold'
(Font)                  OT1/cmr/bx/n --> LS1/stix/m/n on input line 77.
\symbold-operators=\mathgroup6
LaTeX Font Info:    Redeclaring symbol font `symbols' on input line 79.
LaTeX Font Info:    Encoding `OMS' has changed to `LS1' for symbol font
(Font)              `symbols' in the math version `normal' on input line 79.
LaTeX Font Info:    Overwriting symbol font `symbols' in version `normal'
(Font)                  OMS/cmsy/m/n --> LS1/stixscr/m/n on input line 79.
LaTeX Font Info:    Encoding `OMS' has changed to `LS1' for symbol font
(Font)              `symbols' in the math version `bold' on input line 79.
LaTeX Font Info:    Overwriting symbol font `symbols' in version `bold'
(Font)                  OMS/cmsy/b/n --> LS1/stixscr/m/n on input line 79.
\symsymbols2=\mathgroup7
\symsymbols3=\mathgroup8
\symsymbols4=\mathgroup9
\symintegrals=\mathgroup10
LaTeX Font Info:    Redeclaring symbol font `largesymbols' on input line 84.
LaTeX Font Info:    Encoding `OMX' has changed to `LS2' for symbol font
(Font)              `largesymbols' in the math version `normal' on input line 8
4.
LaTeX Font Info:    Overwriting symbol font `largesymbols' in version `normal'
(Font)                  OMX/cmex/m/n --> LS2/stixex/m/n on input line 84.
LaTeX Font Info:    Encoding `OMX' has changed to `LS2' for symbol font
(Font)              `largesymbols' in the math version `bold' on input line 84.

LaTeX Font Info:    Overwriting symbol font `largesymbols' in version `bold'
(Font)                  OMX/cmex/m/n --> LS2/stixex/m/n on input line 84.
\symarrows1=\mathgroup11
\symarrows2=\mathgroup12
\symarrows3=\mathgroup13
LaTeX Font Info:    Overwriting symbol font `letters' in version `bold'
(Font)                  LS1/stix/m/it --> LS1/stix/b/it on input line 88.
LaTeX Font Info:    Overwriting symbol font `operators' in version `bold'
(Font)                  LS1/stix/m/n --> LS1/stix/b/n on input line 89.
LaTeX Font Info:    Overwriting symbol font `symbols' in version `bold'
(Font)                  LS1/stixscr/m/n --> LS1/stixscr/b/n on input line 90.
LaTeX Font Info:    Overwriting symbol font `symbols2' in version `bold'
(Font)                  LS1/stixfrak/m/n --> LS1/stixfrak/b/n on input line 91.

LaTeX Font Info:    Overwriting symbol font `symbols3' in version `bold'
(Font)                  LS1/stixbb/m/n --> LS1/stixbb/b/n on input line 92.
LaTeX Font Info:    Overwriting symbol font `symbols4' in version `bold'
(Font)                  LS1/stixbb/m/it --> LS1/stixbb/b/it on input line 93.
LaTeX Font Info:    Overwriting symbol font `integrals' in version `bold'
(Font)                  LS2/stixcal/m/n --> LS2/stixcal/b/n on input line 94.
LaTeX Font Info:    Overwriting symbol font `largesymbols' in version `bold'
(Font)                  LS2/stixex/m/n --> LS2/stixex/b/n on input line 95.
LaTeX Font Info:    Overwriting symbol font `arrows1' in version `bold'
(Font)                  LS1/stixsf/m/n --> LS1/stixsf/b/n on input line 96.
LaTeX Font Info:    Overwriting symbol font `arrows2' in version `bold'
(Font)                  LS1/stixsf/m/it --> LS1/stixsf/b/it on input line 97.
LaTeX Font Info:    Overwriting symbol font `arrows3' in version `bold'
(Font)                  LS2/stixtt/m/n --> LS2/stixtt/b/n on input line 98.
LaTeX Font Info:    Redeclaring math alphabet \mathit on input line 99.
LaTeX Font Info:    Redeclaring math alphabet \mathfrak on input line 102.
LaTeX Font Info:    Redeclaring math alphabet \mathsf on input line 106.
LaTeX Font Info:    Redeclaring math alphabet \mathtt on input line 108.
LaTeX Font Info:    Redeclaring math alphabet \mathbf on input line 109.
LaTeX Info: Redefining \yen on input line 456.
LaTeX Info: Redefining \circledR on input line 458.
LaTeX Info: Redefining \checkmark on input line 460.
LaTeX Info: Redefining \maltese on input line 461.
LaTeX Font Info:    Redeclaring math accent \grave on input line 698.
LaTeX Font Info:    Redeclaring math accent \acute on input line 699.
LaTeX Font Info:    Redeclaring math accent \hat on input line 700.
LaTeX Font Info:    Redeclaring math accent \tilde on input line 701.
LaTeX Font Info:    Redeclaring math accent \bar on input line 702.
LaTeX Font Info:    Redeclaring math accent \breve on input line 703.
LaTeX Font Info:    Redeclaring math accent \dot on input line 704.
LaTeX Font Info:    Redeclaring math accent \ddot on input line 705.
LaTeX Font Info:    Redeclaring math accent \mathring on input line 707.
LaTeX Font Info:    Redeclaring math accent \check on input line 708.
LaTeX Font Info:    Redeclaring math accent \vec on input line 716.
LaTeX Font Info:    Redeclaring math accent \widehat on input line 728.
LaTeX Font Info:    Redeclaring math accent \widetilde on input line 729.
LaTeX Info: Redefining \vdots on input line 1518.
LaTeX Info: Redefining \cdots on input line 1522.
LaTeX Font Info:    Redeclaring math symbol \mathsterling on input line 1978.
LaTeX Info: Redefining \not on input line 2144.
)
(C:\Users\rapha\AppData\Local\Programs\MiKTeX\tex/latex/inconsolata\inconsolata
.sty
Package: inconsolata 2019/05/17 v1.12
 `inconsolata-zi4' v1.12, 2019/05/17 Text macros for Inconsolata (msharpe)
(C:\Users\rapha\AppData\Local\Programs\MiKTeX\tex/latex/xkeyval\xkeyval.sty
Package: xkeyval 2022/06/16 v2.9 package option processing (HA)

(C:\Users\rapha\AppData\Local\Programs\MiKTeX\tex/generic/xkeyval\xkeyval.tex
(C:\Users\rapha\AppData\Local\Programs\MiKTeX\tex/generic/xkeyval\xkvutils.tex
\XKV@toks=\toks32
\XKV@tempa@toks=\toks33
)
\XKV@depth=\count350
File: xkeyval.tex 2014/12/03 v2.7a key=value parser (HA)
))
\zifour@ocount=\count351
)
(C:\Users\rapha\AppData\Local\Programs\MiKTeX\tex/latex/geometry\geometry.sty
Package: geometry 2020/01/02 v5.9 Page Geometry

(C:\Users\rapha\AppData\Local\Programs\MiKTeX\tex/generic/iftex\ifvtex.sty
Package: ifvtex 2019/10/25 v1.7 ifvtex legacy package. Use iftex instead.
)
\Gm@cnth=\count352
\Gm@cntv=\count353
\c@Gm@tempcnt=\count354
\Gm@bindingoffset=\dimen264
\Gm@wd@mp=\dimen265
\Gm@odd@mp=\dimen266
\Gm@even@mp=\dimen267
\Gm@layoutwidth=\dimen268
\Gm@layoutheight=\dimen269
\Gm@layouthoffset=\dimen270
\Gm@layoutvoffset=\dimen271
\Gm@dimlist=\toks34

(C:\Users\rapha\AppData\Local\Programs\MiKTeX\tex/latex/geometry\geometry.cfg))
) (C:\Users\rapha\AppData\Local\Programs\MiKTeX\tex/latex/natbib\natbib.sty
Package: natbib 2010/09/13 8.31b (PWD, AO)
\bibhang=\skip71
\bibsep=\skip72
LaTeX Info: Redefining \cite on input line 694.
\c@NAT@ctr=\count355
)
(C:\Users\rapha\AppData\Local\Programs\MiKTeX\tex/latex/amscls\amsthm.sty
Package: amsthm 2020/05/29 v2.20.6
\thm@style=\toks35
\thm@bodyfont=\toks36
\thm@headfont=\toks37
\thm@notefont=\toks38
\thm@headpunct=\toks39
\thm@preskip=\skip73
\thm@postskip=\skip74
\thm@headsep=\skip75
\dth@everypar=\toks40
LaTeX Info: Redefining \qed on input line 273.
)
(C:\Users\rapha\AppData\Local\Programs\MiKTeX\tex/latex/caption\caption.sty
Package: caption 2023/08/05 v3.6o Customizing captions (AR)

(C:\Users\rapha\AppData\Local\Programs\MiKTeX\tex/latex/caption\caption3.sty
Package: caption3 2023/07/31 v2.4d caption3 kernel (AR)
\caption@tempdima=\dimen272
\captionmargin=\dimen273
\caption@leftmargin=\dimen274
\caption@rightmargin=\dimen275
\caption@width=\dimen276
\caption@indent=\dimen277
\caption@parindent=\dimen278
\caption@hangindent=\dimen279
Package caption Info: Standard document class detected.
)
\c@caption@flags=\count356
\c@continuedfloat=\count357
Package caption Info: hyperref package is loaded.
Package caption Info: wrapfig package is loaded.
)
(C:\Users\rapha\AppData\Local\Programs\MiKTeX\tex/latex/threeparttable\threepar
ttable.sty
Package: threeparttable 2003/06/13  v 3.0
\@tempboxb=\box66
)
(C:\Users\rapha\AppData\Local\Programs\MiKTeX\tex/latex/float\float.sty
Package: float 2001/11/08 v1.3d Float enhancements (AL)
\c@float@type=\count358
\float@exts=\toks41
\float@box=\box67
\@float@everytoks=\toks42
\@floatcapt=\box68
)
\c@theorem=\count359
\c@proposition=\count360
\c@lemma=\count361
LaTeX Font Info:    Trying to load font information for T1+stix on input line 5
5.

(C:\Users\rapha\AppData\Local\Programs\MiKTeX\tex/latex/stix\t1stix.fd
File: t1stix.fd 2015/04/17 v1.1.2-latex STIX T1 font definitions
)
(cas-dc-article.aux

LaTeX Warning: Label `eq:system' multiply defined.


LaTeX Warning: Label `eq:systema' multiply defined.


LaTeX Warning: Label `eq:systemb' multiply defined.


LaTeX Warning: Label `eq:systemc' multiply defined.


LaTeX Warning: Label `eq:systemd' multiply defined.


LaTeX Warning: Label `eq:systeme' multiply defined.


LaTeX Warning: Label `eq:systemf' multiply defined.


LaTeX Warning: Label `eq:system' multiply defined.


LaTeX Warning: Label `eq:systema' multiply defined.


LaTeX Warning: Label `eq:systemb' multiply defined.


LaTeX Warning: Label `eq:systemc' multiply defined.


LaTeX Warning: Label `eq:systemd' multiply defined.


LaTeX Warning: Label `eq:systeme' multiply defined.


LaTeX Warning: Label `eq:systemf' multiply defined.


LaTeX Warning: Label `eq:system' multiply defined.


LaTeX Warning: Label `eq:systema' multiply defined.


LaTeX Warning: Label `eq:systemb' multiply defined.


LaTeX Warning: Label `eq:dfe' multiply defined.

)
\openout1 = `cas-dc-article.aux'.

LaTeX Font Info:    Checking defaults for OML/cmm/m/it on input line 55.
LaTeX Font Info:    ... okay on input line 55.
LaTeX Font Info:    Checking defaults for OMS/cmsy/m/n on input line 55.
LaTeX Font Info:    ... okay on input line 55.
LaTeX Font Info:    Checking defaults for OT1/cmr/m/n on input line 55.
LaTeX Font Info:    ... okay on input line 55.
LaTeX Font Info:    Checking defaults for T1/cmr/m/n on input line 55.
LaTeX Font Info:    ... okay on input line 55.
LaTeX Font Info:    Checking defaults for TS1/cmr/m/n on input line 55.
LaTeX Font Info:    ... okay on input line 55.
LaTeX Font Info:    Checking defaults for OMX/cmex/m/n on input line 55.
LaTeX Font Info:    ... okay on input line 55.
LaTeX Font Info:    Checking defaults for U/cmr/m/n on input line 55.
LaTeX Font Info:    ... okay on input line 55.
LaTeX Font Info:    Checking defaults for PD1/pdf/m/n on input line 55.
LaTeX Font Info:    ... okay on input line 55.
LaTeX Font Info:    Checking defaults for PU/pdf/m/n on input line 55.
LaTeX Font Info:    ... okay on input line 55.
LaTeX Font Info:    Checking defaults for LS1/stix/m/n on input line 55.
LaTeX Font Info:    Trying to load font information for LS1+stix on input line 
55.
 (C:\Users\rapha\AppData\Local\Programs\MiKTeX\tex/latex/stix\ls1stix.fd
File: ls1stix.fd 2015/04/17 v1.1.2-latex STIX LS1 font definitions
)
LaTeX Font Info:    ... okay on input line 55.
LaTeX Font Info:    Checking defaults for LS2/stix/m/n on input line 55.
LaTeX Font Info:    Trying to load font information for LS2+stix on input line 
55.

(C:\Users\rapha\AppData\Local\Programs\MiKTeX\tex/latex/stix\ls2stix.fd
File: ls2stix.fd 2015/04/17 v1.1.2-latex STIX LS2 font definitions
)
LaTeX Font Info:    ... okay on input line 55.

(C:\Users\rapha\AppData\Local\Programs\MiKTeX\tex/context/base/mkii\supp-pdf.mk
ii
[Loading MPS to PDF converter (version 2006.09.02).]
\scratchcounter=\count362
\scratchdimen=\dimen280
\scratchbox=\box69
\nofMPsegments=\count363
\nofMParguments=\count364
\everyMPshowfont=\toks43
\MPscratchCnt=\count365
\MPscratchDim=\dimen281
\MPnumerator=\count366
\makeMPintoPDFobject=\count367
\everyMPtoPDFconversion=\toks44
)
(C:\Users\rapha\AppData\Local\Programs\MiKTeX\tex/latex/epstopdf-pkg\epstopdf-b
ase.sty
Package: epstopdf-base 2020-01-24 v2.11 Base part for package epstopdf
Package epstopdf-base Info: Redefining graphics rule for `.eps' on input line 4
85.

(C:\Users\rapha\AppData\Local\Programs\MiKTeX\tex/latex/00miktex\epstopdf-sys.c
fg
File: epstopdf-sys.cfg 2021/03/18 v2.0 Configuration of epstopdf for MiKTeX
))
LaTeX Info: Command `\dddot' is already robust on input line 55.
LaTeX Info: Command `\ddddot' is already robust on input line 55.
Package hyperref Info: Link coloring ON on input line 55.
 (cas-dc-article.out) (cas-dc-article.out)
\@outlinefile=\write3
\openout3 = `cas-dc-article.out'.


(C:\Users\rapha\AppData\Local\Programs\MiKTeX\tex/latex/upquote\upquote.sty
Package: upquote 2012/04/19 v1.3 upright-quote and grave-accent glyphs in verba
tim
)
*geometry* driver: auto-detecting
*geometry* detected driver: pdftex
*geometry* verbose mode - [ preamble ] result:
* driver: pdftex
* paper: custom
* layout: <same size as paper>
* layoutoffset:(h,v)=(0.0pt,0.0pt)
* modes: 
* h-part:(L,W,R)=(51.4995pt, 494.50888pt, 51.4995pt)
* v-part:(T,H,B)=(55.48286pt, 689.4103pt, 51.784pt)
* \paperwidth=597.50787pt
* \paperheight=796.67715pt
* \textwidth=494.50888pt
* \textheight=689.4103pt
* \oddsidemargin=-20.7705pt
* \evensidemargin=-20.7705pt
* \topmargin=-40.78712pt
* \headheight=12.0pt
* \headsep=12.0pt
* \topskip=10.0pt
* \footskip=12.0pt
* \marginparwidth=57.0pt
* \marginparsep=11.0pt
* \columnsep=18.0pt
* \skip\footins=9.0pt plus 4.0pt minus 2.0pt
* \hoffset=0.0pt
* \voffset=0.0pt
* \mag=1000
* \@twocolumnfalse
* \@twosidefalse
* \@mparswitchfalse
* \@reversemarginfalse
* (1in=72.27pt=25.4mm, 1cm=28.453pt)

Package caption Info: Begin \AtBeginDocument code.
Package caption Info: float package is loaded.
Package caption Info: threeparttable package is loaded.
Package caption Info: End \AtBeginDocument code.
\verbatim@out=\write4
\openout4 = `cas-dc-article.abs'.

LaTeX Font Info:    Trying to load font information for LS1+stixscr on input li
ne 179.
(C:\Users\rapha\AppData\Local\Programs\MiKTeX\tex/latex/stix\ls1stixscr.fd
File: ls1stixscr.fd 2015/04/17 v1.1.2-latex STIX script LS1 font definitions
)
LaTeX Font Info:    Trying to load font information for LS2+stixex on input lin
e 179.

(C:\Users\rapha\AppData\Local\Programs\MiKTeX\tex/latex/stix\ls2stixex.fd
File: ls2stixex.fd 2015/04/17 v1.1.2-latex STIX extentions LS2 font definitions

)
LaTeX Font Info:    Trying to load font information for U+msa on input line 179
.

(C:\Users\rapha\AppData\Local\Programs\MiKTeX\tex/latex/amsfonts\umsa.fd
File: umsa.fd 2013/01/14 v3.01 AMS symbols A
)
LaTeX Font Info:    Trying to load font information for U+msb on input line 179
.

(C:\Users\rapha\AppData\Local\Programs\MiKTeX\tex/latex/amsfonts\umsb.fd
File: umsb.fd 2013/01/14 v3.01 AMS symbols B
)
LaTeX Font Info:    Trying to load font information for LS1+stixfrak on input l
ine 179.

(C:\Users\rapha\AppData\Local\Programs\MiKTeX\tex/latex/stix\ls1stixfrak.fd
File: ls1stixfrak.fd 2015/04/17 v1.1.2-latex STIX fraktur LS1 font definitions
)
LaTeX Font Info:    Trying to load font information for LS1+stixbb on input lin
e 179.

(C:\Users\rapha\AppData\Local\Programs\MiKTeX\tex/latex/stix\ls1stixbb.fd
File: ls1stixbb.fd 2015/04/17 v1.1.2-latex STIX blackboard LS1 font definitions

)
LaTeX Font Info:    Trying to load font information for LS2+stixcal on input li
ne 179.

(C:\Users\rapha\AppData\Local\Programs\MiKTeX\tex/latex/stix\ls2stixcal.fd
File: ls2stixcal.fd 2015/04/17 v1.1.2-latex STIX calligraphic LS2 font definiti
ons
)
LaTeX Font Info:    Trying to load font information for LS1+stixsf on input lin
e 179.

(C:\Users\rapha\AppData\Local\Programs\MiKTeX\tex/latex/stix\ls1stixsf.fd
File: ls1stixsf.fd 2015/04/17 v1.1.2-latex STIX sans-serif LS1 font definitions

)
LaTeX Font Info:    Trying to load font information for LS2+stixtt on input lin
e 179.

(C:\Users\rapha\AppData\Local\Programs\MiKTeX\tex/latex/stix\ls2stixtt.fd
File: ls2stixtt.fd 2015/04/17 v1.1.2-latex STIX typewriter LS2 font definitions

)
Overfull \hbox (123.62721pt too wide) detected at line 179
[]
 []

(cas-dc-article.abs)
Underfull \hbox (badness 10000) in paragraph at lines 179--179
 
 []


Package hyperref Warning: Ignoring empty anchor on input line 179.

<thumbnails/cas-email.jpeg, id=3, 225.84375pt x 225.84375pt>
File: thumbnails/cas-email.jpeg Graphic file (type jpg)
<use thumbnails/cas-email.jpeg>
Package pdftex.def Info: thumbnails/cas-email.jpeg  used on input line 179.
(pdftex.def)             Requested size: 7.99838pt x 8.0pt.
LaTeX Font Info:    Trying to load font information for T1+zi4 on input line 17
9.
(C:\Users\rapha\AppData\Local\Programs\MiKTeX\tex/latex/inconsolata\t1zi4.fd
File: t1zi4.fd 2018/01/14 T1/zi4 (Inconsolata)
)
LaTeX Font Info:    Font shape `T1/zi4/m/n' will be
(Font)              scaled to size 6.80005pt on input line 179.


Package hyperref Warning: Ignoring empty anchor on input line 179.


Underfull \hbox (badness 1009) in paragraph at lines 184--246
[]\T1/stix/m/n/10 Malaria re-mains one of the most sig-nif-i-cant vector-
 []


Underfull \hbox (badness 1303) in paragraph at lines 184--246
\T1/stix/m/n/10 cli-matic, and so-cioe-co-nomic fac-tors that in-flu-ence both
 []


Underfull \hbox (badness 10000) in paragraph at lines 184--246

 []


Underfull \hbox (badness 10000) in paragraph at lines 184--246

 []


Underfull \hbox (badness 1072) in paragraph at lines 184--246
\T1/stix/m/n/10 vec-tor abun-dance, pathogen de-vel-op-ment, and trans-mis-
 []


Underfull \hbox (badness 1028) in paragraph at lines 184--246
\T1/stix/m/n/10 mod-els of malaria trans-mis-sion re-mains chal-leng-ing. In
 []


Underfull \hbox (badness 10000) in paragraph at lines 184--246

 []


Underfull \hbox (badness 1052) in paragraph at lines 184--246
\T1/stix/m/n/10 while land-use vari-ables are in-tro-duced as mod-i-fiers of
 []


Underfull \hbox (badness 10000) in paragraph at lines 184--246

 []


Underfull \hbox (badness 1661) in paragraph at lines 184--246
\LS1/stix/m/it/10 F[]$ \T1/stix/m/n/10 [[]]. Daily tem-per-a-ture, pre-cip-i-ta
-tion, and hu-mid-ity
 []


Underfull \hbox (badness 10000) in paragraph at lines 184--246

 []


Underfull \hbox (badness 1132) in paragraph at lines 184--246
\T1/stix/m/n/10 the pro-posed SEIRS-SEI con-struc-tion; in Sec-tion [][]3[][] w
e
 []

[1{C:/Users/rapha/AppData/Local/MiKTeX/fonts/map/pdftex/pdftex.map}{C:/Users/ra
pha/AppData/Local/Programs/MiKTeX/fonts/enc/dvips/stix/stix-t1.enc}


{C:/Users/rapha/AppData/Local/Programs/MiKTeX/fonts/enc/dvips/inconsolata/i4-t1
-0.enc} <./thumbnails/cas-email.jpeg>]
<figs/total_active_infectious_cases_manaus_2017_2023.png, id=51, 829.29825pt x 
196.93575pt>
File: figs/total_active_infectious_cases_manaus_2017_2023.png Graphic file (typ
e png)
<use figs/total_active_infectious_cases_manaus_2017_2023.png>
Package pdftex.def Info: figs/total_active_infectious_cases_manaus_2017_2023.pn
g  used on input line 253.
(pdftex.def)             Requested size: 494.50888pt x 117.43213pt.

Underfull \hbox (badness 10000) in paragraph at lines 276--282

 []


Overfull \hbox (3.46793pt too wide) detected at line 288
[]
 []


Underfull \hbox (badness 10000) in paragraph at lines 288--316

 []


Underfull \hbox (badness 10000) in paragraph at lines 288--316

 []


Underfull \hbox (badness 10000) in paragraph at lines 288--316

 []

[2]
Overfull \hbox (2.52553pt too wide) in paragraph at lines 335--342
\T1/stix/m/n/10 which in-cor-po-rates temperature- and rainfall-dependent mos-
 []


Underfull \hbox (badness 1527) in paragraph at lines 335--342
\T1/stix/m/n/10 quito dy-nam-ics. The hu-man pop-u-la-tion is di-vided into
 []


Underfull \hbox (badness 10000) in paragraph at lines 335--342

 []


Underfull \hbox (badness 10000) in paragraph at lines 351--364

 []


Underfull \hbox (badness 10000) in paragraph at lines 368--374

 []


Underfull \hbox (badness 1205) in paragraph at lines 392--403
[]\T1/stix/m/n/10 To ad-dress the lim-i-ta-tions of the pre-vi-ous for-mu-la-
 []


Underfull \hbox (badness 1248) in paragraph at lines 392--403
\T1/stix/m/n/10 in-cor-po-rates both in-cu-ba-tion de-lays as done above and
 []


Underfull \hbox (badness 10000) in paragraph at lines 392--403

 []


Underfull \hbox (badness 10000) in paragraph at lines 392--403

 []


Underfull \hbox (badness 10000) in paragraph at lines 392--403

 []

[3 <./figs/total_active_infectious_cases_manaus_2017_2023.png>]
Underfull \hbox (badness 10000) in paragraph at lines 406--411

 []


Underfull \hbox (badness 10000) in paragraph at lines 418--425

 []


Underfull \hbox (badness 1082) in paragraph at lines 446--449
\T1/stix/m/n/10 the bit-ing rate is ex-pressed as a temperature-dependent
 []


Underfull \hbox (badness 10000) in paragraph at lines 446--449

 []


Underfull \hbox (badness 10000) in paragraph at lines 451--457

 []


Underfull \hbox (badness 10000) in paragraph at lines 451--457

 []


Underfull \hbox (badness 10000) in paragraph at lines 459--464

 []

[4]
Underfull \hbox (badness 10000) in paragraph at lines 475--480

 []


Underfull \hbox (badness 1348) in paragraph at lines 482--486
\T1/stix/m/n/10 mosquito pop-u-la-tion, $\LS1/stix/m/it/10 b$ \T1/stix/m/n/10 t
he per capita re-cruit-ment rate,
 []


Underfull \hbox (badness 10000) in paragraph at lines 482--486

 []


Underfull \hbox (badness 1577) in paragraph at lines 491--492
[]\T1/stix/m/n/10 The cli-matic mod-u-la-tion of mosquito re-cruit-ment
 []


Underfull \hbox (badness 2277) in paragraph at lines 492--493
[]\T1/stix/m/n/10 The en-vi-ron-men-tal lim-i-ta-tion im-posed by habi-tat
 []


Underfull \hbox (badness 10000) in paragraph at lines 494--497

 []


Underfull \hbox (badness 10000) in paragraph at lines 499--504

 []


Overfull \hbox (11.31358pt too wide) detected at line 520
[]
 []


Overfull \hbox (8.9005pt too wide) in paragraph at lines 520--531
\T1/stix/m/n/10 where $\LS1/stix/m/it/10 f[]\LS1/stix/m/n/10 .\LS1/stix/m/it/10
 T\LS1/stix/m/n/10 /$ \T1/stix/m/n/10 de-scribes the tem-per-a-ture suit-abil-i
ty for mosquito
 []


Underfull \hbox (badness 10000) in paragraph at lines 520--531

 []


Underfull \hbox (badness 10000) in paragraph at lines 520--531

 []


Underfull \hbox (badness 10000) in paragraph at lines 520--531

 []

[5]
Underfull \hbox (badness 1270) in paragraph at lines 540--544
\LS1/stix/m/it/10 t[]$\T1/stix/m/n/10 , $\LS1/stix/m/it/10 I[]\LS1/stix/m/n/10 
.\LS1/stix/m/it/10 t[]\LS1/stix/m/n/10 ; \LS1/stix/m/it/10 ^^R\LS1/stix/m/n/10 
/$ \T1/stix/m/n/10 is the model pre-dic-tion ob-tained by lin-ear
 []


Underfull \hbox (badness 10000) in paragraph at lines 540--544

 []


Underfull \hbox (badness 1436) in paragraph at lines 547--551
\T1/stix/m/n/10 con-di-tions and pa-ram-e-ter val-ues, guid-ing the op-ti-mizer

 []


Underfull \hbox (badness 10000) in paragraph at lines 547--551

 []


Underfull \hbox (badness 1221) in paragraph at lines 562--566
\T1/stix/m/n/10 base scale). The penalty scales lin-early with the depth
 []


Underfull \hbox (badness 2158) in paragraph at lines 562--566
\T1/stix/m/n/10 of ex-tinc-tion, en-sur-ing that partially-extinct tra-jec-to-r
ies
 []


Underfull \hbox (badness 10000) in paragraph at lines 562--566

 []


Underfull \hbox (badness 1360) in paragraph at lines 562--566
\T1/stix/m/n/10 The nine cal-i-brated pa-ram-e-ters were grouped into four
 []


Underfull \hbox (badness 1466) in paragraph at lines 568--569
\T1/stix/m/n/10 floor of the humidity-dependent sur-vival func-tion
 []

LaTeX Font Info:    Font shape `T1/zi4/m/n' will be
(Font)              scaled to size 8.50006pt on input line 603.

Underfull \hbox (badness 10000) in paragraph at lines 603--606

 []


Underfull \hbox (badness 10000) in paragraph at lines 609--613

 []

[6]
Underfull \hbox (badness 10000) in paragraph at lines 623--627

 []


Underfull \hbox (badness 1454) in paragraph at lines 630--632
\LS1/stix/m/n/10 [0\LS1/stix/m/it/10 :\LS1/stix/m/n/10 0005\LS1/stix/m/it/10 ; 
 \LS1/stix/m/n/10 0\LS1/stix/m/it/10 :\LS1/stix/m/n/10 15]$\T1/stix/m/n/10 , wi
th the re-main-ing com-part-ments de-ter-
 []


Underfull \hbox (badness 10000) in paragraph at lines 640--646

 []


Underfull \hbox (badness 10000) in paragraph at lines 640--646

 []


Underfull \hbox (badness 10000) in paragraph at lines 649--658

 []


Underfull \hbox (badness 10000) in paragraph at lines 649--658

 []


Underfull \hbox (badness 10000) in paragraph at lines 649--658

 []


Underfull \hbox (badness 1635) in paragraph at lines 649--658
\T1/stix/b/n/10 varying: \T1/stix/m/n/10 In the mech-a-nis-tic for-mu-la-tion, 
the forces of
 []


Underfull \hbox (badness 1789) in paragraph at lines 649--658
\T1/stix/m/n/10 hu-mid-ity, and changes in vec-tor and host de-mog-ra-phy
 []


Underfull \hbox (badness 10000) in paragraph at lines 649--658

 []


Underfull \hbox (badness 10000) in paragraph at lines 658--664

 []


Underfull \hbox (badness 10000) in paragraph at lines 658--664

 []

[7]
Underfull \hbox (badness 10000) in paragraph at lines 667--676

 []


Underfull \hbox (badness 10000) in paragraph at lines 667--676

 []


Underfull \hbox (badness 1371) in paragraph at lines 667--676
\T1/stix/m/n/10 model. They iden-tify the tem-po-ral trans-mis-sion pat-tern
 []


Underfull \hbox (badness 1189) in paragraph at lines 667--676
\T1/stix/m/n/10 iden-ti-fy-ing the un-der-ly-ing bi-o-log-i-cal pa-ram-e-ters, 
as the
 []


Underfull \hbox (badness 10000) in paragraph at lines 667--676

 []


Underfull \hbox (badness 1496) in paragraph at lines 667--676
\T1/stix/m/n/10 Finally, the weekly es-ti-mates pro-vide the link be-tween
 []


Underfull \hbox (badness 1325) in paragraph at lines 690--697
[]\T1/stix/m/n/10 All ODE sim-u-la-tions were per-formed us-ing Python
 []


Underfull \hbox (badness 1275) in paragraph at lines 690--697
\T1/stix/m/n/10 com-part-ment val-ues from prop-a-gat-ing through the year
 []


Underfull \hbox (badness 10000) in paragraph at lines 690--697

 []


Underfull \hbox (badness 1975) in paragraph at lines 690--697
\T1/stix/m/n/10 used raw daily tem-per-a-ture to pre-serve high-frequency
 []


Underfull \hbox (badness 10000) in paragraph at lines 690--697

 []


Underfull \hbox (badness 10000) in paragraph at lines 690--697

 []


Underfull \hbox (badness 1655) in paragraph at lines 690--697
\T1/stix/m/n/10 All com-pu-ta-tions were per-formed on a lap-top run-ning
 []


Underfull \hbox (badness 10000) in paragraph at lines 722--728

 []

[8]
Underfull \hbox (badness 10000) in paragraph at lines 745--750

 []


Underfull \hbox (badness 10000) in paragraph at lines 756--760

 []

LaTeX Font Info:    Calculating math sizes for size <11> on input line 762.

Underfull \hbox (badness 1565) in paragraph at lines 777--787
\T1/stix/m/n/10 the equi-lib-rium vec-tor pop-u-la-tion $\LS1/stix/m/it/10 M[]$
 \T1/stix/m/n/10 and in-her-its the
 []


Underfull \hbox (badness 10000) in paragraph at lines 777--787

 []


Underfull \hbox (badness 10000) in paragraph at lines 799--828

 []


Underfull \hbox (badness 10000) in paragraph at lines 847--897

 []


Underfull \hbox (badness 10000) in paragraph at lines 847--897

 []


Underfull \hbox (badness 10000) in paragraph at lines 847--897

 []

[9]
Overfull \hbox (2.68636pt too wide) in paragraph at lines 900--969
\T1/stix/m/n/10 averaged over the cal-i-brated years 2017-2023, which amounts
 []


Underfull \hbox (badness 10000) in paragraph at lines 900--969

 []


Underfull \hbox (badness 1102) in paragraph at lines 900--969
\T1/stix/m/n/10 du-ra-tions $\LS1/stix/m/n/10 .\LS1/stix/m/it/10 ^^\[]; ^^\[]\L
S1/stix/m/n/10 /$\T1/stix/m/n/10 , are held at their lit-er-a-ture val-ues in
 []


Underfull \hbox (badness 1014) in paragraph at lines 900--969
\T1/stix/m/n/10 ev-ery sim-u-la-tion and cal-i-bra-tion and are not per-turbed.

 []


Underfull \hbox (badness 10000) in paragraph at lines 900--969

 []


Underfull \hbox (badness 1226) in paragraph at lines 900--969
\T1/stix/m/n/10 of the car-ry-ing ca-pac-ity $\LS1/stix/m/n/10 .\LS1/stix/m/it/
10 T[]; T[]; T[]\LS1/stix/m/n/10 /$\T1/stix/m/n/10 . Group-ing by
 []


Underfull \hbox (badness 10000) in paragraph at lines 900--969

 []


Underfull \hbox (badness 10000) in paragraph at lines 900--969

 []


Underfull \hbox (badness 1242) in paragraph at lines 900--969
\T1/stix/m/n/10 in the in-te-grated dy-nam-ics they are es-ti-mated like any
 []

[10]
<figs/biting_rate_comparison.png, id=279, 494.5677pt x 322.0833pt>
File: figs/biting_rate_comparison.png Graphic file (type png)
<use figs/biting_rate_comparison.png>
Package pdftex.def Info: figs/biting_rate_comparison.png  used on input line 98
2.
(pdftex.def)             Requested size: 238.25444pt x 155.15848pt.
<figs/weekly_beta_calibration_2017.png, id=288, 820.2645pt x 298.11375pt>
File: figs/weekly_beta_calibration_2017.png Graphic file (type png)
<use figs/weekly_beta_calibration_2017.png>
Package pdftex.def Info: figs/weekly_beta_calibration_2017.png  used on input l
ine 1000.
(pdftex.def)             Requested size: 238.25444pt x 86.58723pt.


LaTeX Warning: `h' float specifier changed to `ht'.

<figs/coupled_and_human_Rt_variation_in_2017_with_months.png, id=293, 822.6735p
t x 278.2395pt>
File: figs/coupled_and_human_Rt_variation_in_2017_with_months.png Graphic file 
(type png)
<use figs/coupled_and_human_Rt_variation_in_2017_with_months.png>
Package pdftex.def Info: figs/coupled_and_human_Rt_variation_in_2017_with_month
s.png  used on input line 1038.
(pdftex.def)             Requested size: 238.25444pt x 80.58124pt.

Overfull \hbox (8.10356pt too wide) detected at line 1063
 $\LS1/stix/m/it/10 S[] \LS1/stix/m/n/10 = 1\LS1/stix/m/it/10 ;  S[] \LS1/stix/
m/n/10 = \LS1/stix/m/it/10 S[] \LS1/stix/m/n/10 = \LS1/stix/m/it/10 S[] \LS1/st
ix/m/n/10 = []\LS1/stix/m/it/10 ;  S[] \LS1/stix/m/n/10 = \LS1/stix/m/it/10 S[]
 \LS1/stix/m/n/10 = *[]\LS1/stix/m/it/10 ;  S[] \LS1/stix/m/n/10 = *1\LS1/stix/
m/it/10 ;$  
 []

[11 <./figs/biting_rate_comparison.png> <./figs/weekly_beta_calibration_2017.pn
g> <./figs/coupled_and_human_Rt_variation_in_2017_with_months.png>]
Underfull \hbox (badness 1708) in paragraph at lines 1077--1174
\T1/stix/m/n/10 by the same sym-bolic dif-fer-en-ti-a-tion of the as-sem-bled
 []


Underfull \hbox (badness 10000) in paragraph at lines 1077--1174

 []


Underfull \hbox (badness 10000) in paragraph at lines 1077--1174

 []


Underfull \hbox (badness 10000) in paragraph at lines 1077--1174

 []

<figs/local_sensitivity_R0_IH.png, id=321, 820.9872pt x 513.117pt>
File: figs/local_sensitivity_R0_IH.png Graphic file (type png)
<use figs/local_sensitivity_R0_IH.png>
Package pdftex.def Info: figs/local_sensitivity_R0_IH.png  used on input line 1
180.
(pdftex.def)             Requested size: 238.25444pt x 148.9019pt.

Underfull \hbox (badness 10000) in paragraph at lines 1188--1213

 []

[12 <./figs/local_sensitivity_R0_IH.png>]
<figs/sobol_ih_qpeak.png, id=340, 499.1448pt x 666.5703pt>
File: figs/sobol_ih_qpeak.png Graphic file (type png)
<use figs/sobol_ih_qpeak.png>
Package pdftex.def Info: figs/sobol_ih_qpeak.png  used on input line 1219.
(pdftex.def)             Requested size: 238.25444pt x 318.17017pt.

Underfull \hbox (badness 10000) in paragraph at lines 1226--1248

 []


Underfull \hbox (badness 1635) in paragraph at lines 1226--1248
\T1/stix/m/n/10 served trans-mis-sion struc-ture. This mo-ti-vates ex-tend-ing
 []

[13 <./figs/sobol_ih_qpeak.png>]
Underfull \hbox (badness 10000) in paragraph at lines 1251--1287

 []

<figs/b1_eff_obs_vs_pred_all_years.png, id=355, 426.393pt x 452.04884pt>
File: figs/b1_eff_obs_vs_pred_all_years.png Graphic file (type png)
<use figs/b1_eff_obs_vs_pred_all_years.png>
Package pdftex.def Info: figs/b1_eff_obs_vs_pred_all_years.png  used on input l
ine 1289.
(pdftex.def)             Requested size: 238.25444pt x 252.58691pt.
<figs/b2_eff_obs_vs_pred_all_years.png, id=356, 432.8973pt x 452.04884pt>
File: figs/b2_eff_obs_vs_pred_all_years.png Graphic file (type png)
<use figs/b2_eff_obs_vs_pred_all_years.png>
Package pdftex.def Info: figs/b2_eff_obs_vs_pred_all_years.png  used on input l
ine 1297.
(pdftex.def)             Requested size: 238.25444pt x 248.79318pt.
[14]
Underfull \hbox (badness 10000) in paragraph at lines 1302--1325

 []


Underfull \hbox (badness 10000) in paragraph at lines 1302--1325

 []

<figs/b1_2022_environmental_response_A.png, id=365, 663.6795pt x 286.06876pt>
File: figs/b1_2022_environmental_response_A.png Graphic file (type png)
<use figs/b1_2022_environmental_response_A.png>
Package pdftex.def Info: figs/b1_2022_environmental_response_A.png  used on inp
ut line 1330.
(pdftex.def)             Requested size: 238.25444pt x 102.69658pt.
<figs/b1_2022_environmental_response_B.png, id=366, 678.1335pt x 295.1025pt>
File: figs/b1_2022_environmental_response_B.png Graphic file (type png)
<use figs/b1_2022_environmental_response_B.png>
Package pdftex.def Info: figs/b1_2022_environmental_response_B.png  used on inp
ut line 1338.
(pdftex.def)             Requested size: 238.25444pt x 103.67917pt.
<figs/b1_2022_environmental_response_C.png, id=367, 720.291pt x 314.3745pt>
File: figs/b1_2022_environmental_response_C.png Graphic file (type png)
<use figs/b1_2022_environmental_response_C.png>
Package pdftex.def Info: figs/b1_2022_environmental_response_C.png  used on inp
ut line 1346.
(pdftex.def)             Requested size: 238.25444pt x 103.98375pt.

LaTeX Warning: `h' float specifier changed to `ht'.

<figs/b2_2020_environmental_response_A.png, id=368, 714.87074pt x 305.34074pt>
File: figs/b2_2020_environmental_response_A.png Graphic file (type png)
<use figs/b2_2020_environmental_response_A.png>
Package pdftex.def Info: figs/b2_2020_environmental_response_A.png  used on inp
ut line 1364.
(pdftex.def)             Requested size: 238.25444pt x 101.76447pt.
[15 <./figs/b1_eff_obs_vs_pred_all_years.png> <./figs/b2_eff_obs_vs_pred_all_ye
ars.png> <./figs/b1_2022_environmental_response_A.png> <./figs/b1_2022_environm
ental_response_B.png>]
<figs/b2_2020_environmental_response_B.png, id=381, 726.91576pt x 308.352pt>
File: figs/b2_2020_environmental_response_B.png Graphic file (type png)
<use figs/b2_2020_environmental_response_B.png>
Package pdftex.def Info: figs/b2_2020_environmental_response_B.png  used on inp
ut line 1372.
(pdftex.def)             Requested size: 238.25444pt x 101.06482pt.
<figs/b2_2020_environmental_response_C.png, id=382, 783.52725pt x 337.26pt>
File: figs/b2_2020_environmental_response_C.png Graphic file (type png)
<use figs/b2_2020_environmental_response_C.png>
Package pdftex.def Info: figs/b2_2020_environmental_response_C.png  used on inp
ut line 1380.
(pdftex.def)             Requested size: 238.25444pt x 102.5528pt.

Overfull \hbox (2.9147pt too wide) in paragraph at lines 1418--1419
[]\T1/stix/m/n/10 The tran-si-tion from the de-layed SIR-SEI model of Parham
 []


Underfull \hbox (badness 1571) in paragraph at lines 1426--1440
\T1/stix/m/n/10 mor-tal-ity, ev-ery ex-posed in-di-vid-ual even-tu-ally be-come
s
 []


Underfull \hbox (badness 1014) in paragraph at lines 1426--1440
\T1/stix/m/n/10 sec-ondary in-fec-tions, while no in-di-vid-ual is im-mune at
 []


Underfull \hbox (badness 10000) in paragraph at lines 1426--1440

 []

[16 <./figs/b1_2022_environmental_response_C.png> <./figs/b2_2020_environmental
_response_A.png> <./figs/b2_2020_environmental_response_B.png> <./figs/b2_2020_
environmental_response_C.png>]
Underfull \hbox (badness 10000) in paragraph at lines 1444--1513

 []


Underfull \hbox (badness 1142) in paragraph at lines 1444--1513
\T1/stix/m/n/10 First, the in-dex of a pa-ram-e-ter com-bines two in-de-pen-
 []


Underfull \hbox (badness 1466) in paragraph at lines 1444--1513
\T1/stix/m/n/10 while $\LS1/stix/m/it/10 b[]$ \T1/stix/m/n/10 de-clines mono-to
n-i-cally to its lower bound in
 []


Underfull \hbox (badness 10000) in paragraph at lines 1444--1513

 []


Underfull \hbox (badness 10000) in paragraph at lines 1444--1513

 []


Underfull \hbox (badness 10000) in paragraph at lines 1444--1513

 []


Underfull \hbox (badness 1552) in paragraph at lines 1518--1530
[]\T1/stix/m/n/10 The constant-coefficient model con-sis-tently un-der-es-
 []


Underfull \hbox (badness 1019) in paragraph at lines 1518--1530
\T1/stix/m/n/10 ti-mates the ob-served dy-nam-ics, as the re-duc-tion in the
 []


Underfull \hbox (badness 1424) in paragraph at lines 1518--1530
\T1/stix/m/n/10 ment ranges from a $\LS1/stix/m/n/10 í$\T1/stix/m/n/10 137-fold
 re-duc-tion in 2017 to a
 []

[17]
Underfull \hbox (badness 10000) in paragraph at lines 1551--1568

 []


Underfull \hbox (badness 2922) in paragraph at lines 1608--1609
\T1/stix/m/n/10 avail-able at [][]$\T1/zi4/m/n/10 https : / / github . com / Ra
phaLevy / Environmental _
 []

[18]
Underfull \hbox (badness 2735) in paragraph at lines 1618--1627
[]\T1/stix/m/n/8 P. F. P. Pi-menta et al., An overview of malaria trans-mis-sio
n
 []


Underfull \hbox (badness 2285) in paragraph at lines 1618--1627
\T1/stix/m/n/8 from the per-spec-tive of Ama-zon \T1/stix/m/it/8 Anophe-les vec
-tors\T1/stix/m/n/8 , Memórias
 []


Underfull \hbox (badness 10000) in paragraph at lines 1618--1627
\T1/stix/m/n/8 do In-sti-tuto Os-waldo Cruz, Vol. 110 (1) (2015), 23-47,
 []


Underfull \hbox (badness 10000) in paragraph at lines 1618--1627

 []


Underfull \hbox (badness 10000) in paragraph at lines 1627--1630
[]\T1/stix/m/n/8 D. E. Nor-ris, Mosquito-borne Dis-eases as a Con-se-quence
 []


Underfull \hbox (badness 5147) in paragraph at lines 1627--1630
\T1/stix/m/n/8 of Land Use Change, Eco-Health, Vol. 1 (1) (2004), 19-24,
 []


Underfull \hbox (badness 10000) in paragraph at lines 1627--1630

 []


Underfull \hbox (badness 5908) in paragraph at lines 1630--1633
[]\T1/stix/m/n/8 Anopheles, Fiocruz Rondô-nia, ac-cessed on 15 Au-gust 2024,
 []


Underfull \hbox (badness 10000) in paragraph at lines 1630--1633

 []


Underfull \hbox (badness 3612) in paragraph at lines 1633--1636
[]\T1/stix/m/n/8 M. da Silva-Nunes, En-vi-ron-men-tal changes im-pact in malari
a
 []


Underfull \hbox (badness 10000) in paragraph at lines 1633--1636

 []


Underfull \hbox (badness 1609) in paragraph at lines 1636--1639
[]\T1/stix/m/n/8 L. S. M. Chaves, E. S. Bergo, J. E. Conn, G. Z. La-porta, P.
 []


Underfull \hbox (badness 1360) in paragraph at lines 1636--1639
\T1/stix/m/n/8 R. Prist, M. A. M. Sal-lum, An-thro-pogenic land-scape de-crease
s
 []


Underfull \hbox (badness 7740) in paragraph at lines 1636--1639
\T1/stix/m/n/8 mosquito bio-di-ver-sity and drives malaria vec-tor pro-lif-er-a
-tion
 []


Underfull \hbox (badness 5578) in paragraph at lines 1636--1639
\T1/stix/m/n/8 in the Ama-zon rain-for-est, PLOS ONE, Vol. 16 (1) (2021),
 []


Underfull \hbox (badness 10000) in paragraph at lines 1636--1639

 []


Underfull \hbox (badness 10000) in paragraph at lines 1639--1642

 []


Underfull \hbox (badness 1237) in paragraph at lines 1642--1645
[]\T1/stix/m/n/8 C. F. Lima, F. T. P. Tor-res, L. J. Minette, F. A. Lima, R. C.

 []


Underfull \hbox (badness 1484) in paragraph at lines 1642--1645
\T1/stix/m/n/8 A. Lima et al, Is there a re-la-tion-ship be-tween for-est fires
 and
 []


Underfull \hbox (badness 10000) in paragraph at lines 1642--1645

 []


Underfull \hbox (badness 4120) in paragraph at lines 1645--1648
[]\T1/stix/m/n/8 P. M. Fearn-side, Con-ser-va-tion Pol-icy in Brazil-ian Ama-zo
-nia:
 []


Underfull \hbox (badness 1968) in paragraph at lines 1645--1648
\T1/stix/m/n/8 Un-der-stand-ing the Dilem-mas, World De-vel-op-ment, Vol. 31 (5
)
 []


Underfull \hbox (badness 10000) in paragraph at lines 1645--1648

 []


Underfull \hbox (badness 2088) in paragraph at lines 1648--1651
[]\T1/stix/m/n/8 M. da Silva-Nunes et al., Malaria on the Ama-zo-nian fron-tier
:
 []


Underfull \hbox (badness 10000) in paragraph at lines 1648--1651

 []


Underfull \hbox (badness 1728) in paragraph at lines 1651--1654
\T1/stix/m/n/8 con-trol strate-gies, Acta Trop-ica, Vol. 121 (3) (2012), 281-29
1,
 []


Underfull \hbox (badness 10000) in paragraph at lines 1651--1654

 []


Underfull \hbox (badness 10000) in paragraph at lines 1654--1657
\T1/stix/m/n/8 Trans-mis-sion, Mod-elling Par-a-site Trans-mis-sion and Con-tro
l,
 []


Underfull \hbox (badness 10000) in paragraph at lines 1654--1657

 []


Underfull \hbox (badness 2050) in paragraph at lines 1657--1660
\T1/stix/m/n/8 of en-vi-ron-men-tal, epi-demi-o-log-i-cal, and eco-nomic in-di-
ca-tors for
 []


Underfull \hbox (badness 1496) in paragraph at lines 1657--1660
\T1/stix/m/n/8 the Brazil-ian Ama-zon, Sci-en-tific Data, Vol. 10 (1) (2023), 6
5,
 []


Underfull \hbox (badness 10000) in paragraph at lines 1657--1660

 []


Underfull \hbox (badness 3168) in paragraph at lines 1660--1663
[]\T1/stix/m/n/8 TerraBrasilis, DE-TER (No-tices), Anal-y-ses - Amazô-nia Biome
,
 []


Overfull \hbox (6.38553pt too wide) in paragraph at lines 1660--1663
[][]\T1/stix/m/n/8 https://terrabrasilis.dpi.inpe.br/app/dashboard/alerts/biome
s/amazonia-
 []


Underfull \hbox (badness 10000) in paragraph at lines 1660--1663

 []


Underfull \hbox (badness 10000) in paragraph at lines 1663--1666
[]\T1/stix/m/n/8 Data$[]$Basis.org, Fire Database, Na-tional In-sti-tute for
 []


Underfull \hbox (badness 10000) in paragraph at lines 1663--1666
\T1/stix/m/n/8 Space Re-search (INPE), acessed on 17 March 2026,
 []


Underfull \hbox (badness 10000) in paragraph at lines 1663--1666
[][]\T1/stix/m/n/8 https://data-basis.org/dataset/f06f3cdc-b539-409b-b311-
 []


Underfull \hbox (badness 10000) in paragraph at lines 1663--1666

 []


Underfull \hbox (badness 10000) in paragraph at lines 1666--1669
[]\T1/stix/m/n/8 MapBiomas Brasil, Home/Iniciativas e Pro-du-
 []


Underfull \hbox (badness 10000) in paragraph at lines 1666--1669

 []


Underfull \hbox (badness 10000) in paragraph at lines 1669--1672

 []


Underfull \hbox (badness 4328) in paragraph at lines 1672--1675
[]\T1/stix/m/n/8 J. Oliveira-Ferreira, M. V. Lac-erda, P. Brasil et al., Malari
a
 []


Underfull \hbox (badness 4846) in paragraph at lines 1672--1675
\T1/stix/m/n/8 in Brazil: an overview., Malaria Jour-nal, Vol. 9 (1) (2010),
 []


Underfull \hbox (badness 10000) in paragraph at lines 1672--1675

 []


Underfull \hbox (badness 2073) in paragraph at lines 1675--1678
\T1/stix/m/n/8 F. C. Coelho, A. M. V. Mon-teiro, Epi-demi-ol-ogy, Bio-di-ver-si
ty,
 []


Underfull \hbox (badness 1997) in paragraph at lines 1675--1678
\T1/stix/m/n/8 and Tech-no-log-i-cal Tra-jec-to-ries in the Brazil-ian Ama-zon:
 From
 []


Underfull \hbox (badness 10000) in paragraph at lines 1675--1678

 []


Underfull \hbox (badness 1102) in paragraph at lines 1678--1681
\T1/stix/m/n/8 Jour-nal of Trop-i-cal Medicine and Hy-giene, Vol. 76 (3) (2007)
,
 []


Underfull \hbox (badness 10000) in paragraph at lines 1678--1681
\T1/stix/m/n/8 461-469, [][]https://www.ajtmh.org/view/journals/tpmd/76/3/artic
le-
 []


Underfull \hbox (badness 10000) in paragraph at lines 1678--1681

 []


Underfull \hbox (badness 10000) in paragraph at lines 1681--1684
[]\T1/stix/m/n/8 SIVEP Malaria, ac-cessed on 10 Oc-to-ber 2024,
 []


Underfull \hbox (badness 10000) in paragraph at lines 1681--1684

 []


Underfull \hbox (badness 10000) in paragraph at lines 1684--1687
[]\T1/stix/m/n/8 Biblioteca IBGE, 2000, ac-cessed on 11 Novem-ber
 []


Underfull \hbox (badness 10000) in paragraph at lines 1684--1687
\T1/stix/m/n/8 2024, [][]https://biblioteca.ibge.gov.br/index.php/biblioteca-
 []


Underfull \hbox (badness 10000) in paragraph at lines 1684--1687

 []


Underfull \hbox (badness 10000) in paragraph at lines 1687--1690
[][]\T1/stix/m/n/8 https://www.ibge.gov.br/estatisticas/sociais/populacao/9662-
censo-
 []


Underfull \hbox (badness 10000) in paragraph at lines 1687--1690

 []


Underfull \hbox (badness 10000) in paragraph at lines 1690--1693

 []


Underfull \hbox (badness 10000) in paragraph at lines 1693--1696

 []


Underfull \hbox (badness 1708) in paragraph at lines 1696--1699
\T1/stix/m/n/8 change and malaria trans-mis-sion dy-nam-ics: a his-tor-i-cal re
-view,
 []


Underfull \hbox (badness 1454) in paragraph at lines 1696--1699
\T1/stix/m/n/8 Jour-nal of Math-e-mat-i-cal Bi-ol-ogy, Vol. 77 (4), 857-933 (20
18),
 []


Underfull \hbox (badness 10000) in paragraph at lines 1696--1699

 []


Overfull \hbox (21.49754pt too wide) in paragraph at lines 1699--1702
[][]\T1/stix/m/n/8 https://journals.plos.org/plosone/article?id=10.1371/journal
.pone.0022388[][]. 
 []


Underfull \hbox (badness 10000) in paragraph at lines 1699--1702

 []


Underfull \hbox (badness 10000) in paragraph at lines 1702--1705

 []


Underfull \hbox (badness 2351) in paragraph at lines 1705--1708
[]\T1/stix/m/n/8 A. Ab-del-razec, A. B. Gumel, Math-e-mat-i-cal as-sess-ment of
 the
 []


Underfull \hbox (badness 10000) in paragraph at lines 1705--1708

 []


Underfull \hbox (badness 1648) in paragraph at lines 1708--1711
\T1/stix/m/n/8 vi-vax malaria, in the ab-sence of chemo-pro-phy-laxis, in pa-ti
ents
 []


Underfull \hbox (badness 10000) in paragraph at lines 1708--1711

 []

[19]
Underfull \hbox (badness 7522) in paragraph at lines 1711--1714
[]\T1/stix/m/n/8 R. Storn, K. Price, Dif-fer-en-tial Evo-lu-tion - A Sim-ple an
d
 []


Underfull \hbox (badness 10000) in paragraph at lines 1711--1714
\T1/stix/m/n/8 Ef-fi-cient Heuris-tic for Global Op-ti-miza-tion over Con-tin-u
-ous
 []


Underfull \hbox (badness 10000) in paragraph at lines 1711--1714

 []


Underfull \hbox (badness 10000) in paragraph at lines 1714--1717
[]\T1/stix/m/n/8 J. A. Nelder, R. Mead, A Sim-plex Method for Func-tion
 []


Underfull \hbox (badness 10000) in paragraph at lines 1714--1717

 []


Underfull \hbox (badness 5519) in paragraph at lines 1717--1720
[]\T1/stix/m/n/8 T. S. Churcher, J. F. Trape, A. Co-huet, Human-to-mosquito
 []


Underfull \hbox (badness 3612) in paragraph at lines 1717--1720
\T1/stix/m/n/8 trans-mis-sion ef-fi-ciency in-creases as malaria is con-trolled
, Nat
 []


Underfull \hbox (badness 10000) in paragraph at lines 1717--1720

 []


Underfull \hbox (badness 3386) in paragraph at lines 1720--1723
\T1/stix/m/n/8 sub-threshold en-demic equi-lib-ria for com-part-men-tal mod-els
 of
 []


Underfull \hbox (badness 10000) in paragraph at lines 1720--1723

 []


Underfull \hbox (badness 10000) in paragraph at lines 1723--1726

 []


Underfull \hbox (badness 1484) in paragraph at lines 1726--1729
\T1/stix/m/n/8 Phys-i-cal Jour-nal Spe-cial Top-ics, Vol. 225 (3) (2016), 459-4
70,
 []


Underfull \hbox (badness 10000) in paragraph at lines 1726--1729

 []


Underfull \hbox (badness 7116) in paragraph at lines 1729--1732
[]\T1/stix/m/n/8 M. H. Craig, R. W. Snow, D. le Sueur, A Climate-based
 []


Underfull \hbox (badness 10000) in paragraph at lines 1729--1732
\T1/stix/m/n/8 Dis-tri-bu-tion Model of Malaria Trans-mis-sion in Sub-Saharan
 []


Underfull \hbox (badness 10000) in paragraph at lines 1729--1732
\T1/stix/m/n/8 Africa, Par-a-sitol-ogy To-day, Vol. 15 (3), 105-111 (1999),
 []


Underfull \hbox (badness 10000) in paragraph at lines 1729--1732

 []


Underfull \hbox (badness 6094) in paragraph at lines 1732--1735
[]\T1/stix/m/n/8 T. P. Agyekum et al, A Sys-tem-atic Re-view of the Ef-fects
 []


Underfull \hbox (badness 10000) in paragraph at lines 1732--1735
\T1/stix/m/n/8 of Tem-per-a-ture on Anophe-les Mosquito De-vel-op-ment and
 []


Underfull \hbox (badness 10000) in paragraph at lines 1732--1735
\T1/stix/m/n/8 Sur-vival: Im-pli-ca-tions for Malaria Con-trol in a Fu-ture
 []


Underfull \hbox (badness 10000) in paragraph at lines 1732--1735
\T1/stix/m/n/8 Warmer Cli-mate, In-ter-na-tional Jour-nal of En-vi-ron-men-tal
 []


Underfull \hbox (badness 10000) in paragraph at lines 1732--1735
\T1/stix/m/n/8 Re-search and Pub-lic Health, Vol. 18 (14), (2021),
 []


Underfull \hbox (badness 10000) in paragraph at lines 1732--1735

 []


Underfull \hbox (badness 10000) in paragraph at lines 1735--1738

 []


Underfull \hbox (badness 10000) in paragraph at lines 1738--1741
\T1/stix/m/n/8 Eco-log-i-cal change in-creases malaria risk in the Brazil-ian
 []


Underfull \hbox (badness 10000) in paragraph at lines 1738--1741
\T1/stix/m/n/8 Ama-zon, Proc. Natl. Acad. Sci., Vol. 121 (44) (2024),
 []


Underfull \hbox (badness 10000) in paragraph at lines 1738--1741

 []


Underfull \hbox (badness 2503) in paragraph at lines 1741--1743
[]\T1/stix/m/n/8 F. Cari-boni, A. Saltelli, S. Taran-tola, A re-view of the re-
cent
 []


Underfull \hbox (badness 10000) in paragraph at lines 1741--1743

 []


Underfull \hbox (badness 1297) in paragraph at lines 1743--1773
[]\T1/stix/m/n/8 A. Saltelli, P. An-noni, I. Azz-ini, F. Cam-po-longo, M. Ratto
, S.
 []


Underfull \hbox (badness 2073) in paragraph at lines 1743--1773
\T1/stix/m/n/8 Taran-tola, Vari-ance based sen-si-tiv-ity anal-y-sis of model o
ut-put:
 []


Underfull \hbox (badness 10000) in paragraph at lines 1743--1773

 []


Underfull \hbox (badness 10000) in paragraph at lines 1743--1773

 []

[20

]
Overfull \hbox (17.65689pt too wide) in alignment at lines 1790--1809
[] [] [] 
 []


Overfull \hbox (238.25444pt too wide) in paragraph at lines 1788--1815
 [] 
 []

[21


]
Overfull \hbox (238.25444pt too wide) in paragraph at lines 1820--1869
 [] 
 []

[22


] [23


]
Underfull \hbox (badness 10000) in paragraph at lines 1942--1953

 []


LaTeX Warning: Reference `eq:ngm' on page 24 undefined on input line 2000.


Underfull \hbox (badness 1052) in paragraph at lines 2000--2002
 []\T1/stix/m/it/11 Verification of $\LS2/stixcal/m/n/11 R[]$ \T1/stix/m/it/11 
by ex-plicit mul-ti-pli-ca-tion:[] \T1/stix/m/n/10 From
 []


Overfull \hbox (7.04416pt too wide) in paragraph at lines 2000--2002
[]\T1/stix/m/n/10 , the trans-fer ma-trix is block-diagonal, $\LS1/stix/m/it/10
 V \LS1/stix/m/n/10 = [].\LS1/stix/m/it/10 V[]; V[]\LS1/stix/m/n/10 /$\T1/stix/
m/n/10 ,
 []

[24

]
No file cas-dc-article.bbl.
[25

] (cas-dc-article.aux)
 ***********
LaTeX2e <2025-11-01>
L3 programming layer <2025-12-24>
 ***********


LaTeX Warning: There were undefined references.


LaTeX Warning: There were multiply-defined labels.

Package rerunfilecheck Info: File `cas-dc-article.out' has not changed.
(rerunfilecheck)             Checksum: D41D8CD98F00B204E9800998ECF8427E;0.
 ) 
Here is how much of TeX's memory you used:
 18828 strings out of 467871
 297238 string characters out of 5418376
 735250 words of memory out of 5000000
 47205 multiletter control sequences out of 15000+600000
 757257 words of font info for 211 fonts, out of 8000000 for 9000
 1141 hyphenation exceptions out of 8191
 90i,19n,117p,1182b,693s stack positions out of 10000i,1000n,20000p,200000b,200000s
 <C:\Users\rapha\AppData\Local\MiKTeX\fonts/pk/ljfour/jknappen/ec/dpi450\ecss
0800.pk> <C:\Users\rapha\AppData\Local\MiKTeX\fonts/pk/ljfour/jknappen/ec/dpi60
0\ecsx0900.pk> <C:\Users\rapha\AppData\Local\MiKTeX\fonts/pk/ljfour/jknappen/ec
/dpi600\ecsi0900.pk> <C:\Users\rapha\AppData\Local\MiKTeX\fonts/pk/ljfour/jknap
pen/ec/dpi600\ecss0900.pk><C:/Users/rapha/AppData/Local/Programs/MiKTeX/fonts/t
ype1/public/inconsolata/Inconsolata-zi4r.pfb><C:/Users/rapha/AppData/Local/Prog
rams/MiKTeX/fonts/type1/public/stix/STIXGeneral-Bold.pfb><C:/Users/rapha/AppDat
a/Local/Programs/MiKTeX/fonts/type1/public/stix/STIXGeneral-Italic.pfb><C:/User
s/rapha/AppData/Local/Programs/MiKTeX/fonts/type1/public/stix/STIXGeneral-Regul
ar.pfb><C:/Users/rapha/AppData/Local/Programs/MiKTeX/fonts/type1/public/stix/st
ix-mathcal.pfb><C:/Users/rapha/AppData/Local/Programs/MiKTeX/fonts/type1/public
/stix/stix-mathex.pfb><C:/Users/rapha/AppData/Local/Programs/MiKTeX/fonts/type1
/public/stix/stix-mathit.pfb><C:/Users/rapha/AppData/Local/Programs/MiKTeX/font
s/type1/public/stix/stix-mathrm-bold.pfb><C:/Users/rapha/AppData/Local/Programs
/MiKTeX/fonts/type1/public/stix/stix-mathrm.pfb><C:/Users/rapha/AppData/Local/P
rograms/MiKTeX/fonts/type1/public/stix/stix-mathscr.pfb><C:/Users/rapha/AppData
/Local/Programs/MiKTeX/fonts/type1/public/stix/stix-mathsf.pfb><C:/Users/rapha/
AppData/Local/Programs/MiKTeX/fonts/type1/public/stix/stix-mathtt.pfb>
Output written on cas-dc-article.pdf (25 pages, 2238575 bytes).
PDF statistics:
 805 PDF objects out of 1000 (max. 8388607)
 208 named destinations out of 1000 (max. 500000)
 76 words of extra memory for PDF output out of 10000 (max. 10000000)

